=========================================
   PHASE 1: LEXICAL ANALYSIS (TOKENS)
=========================================
INT        int
ID         main
LPAREN     (
RPAREN     )
LBRACE     {
INT        int
ID         x
SEMI       ;
ID         x
ASSIGN     =
STRING     "hello"
SEMI       ;
RETURN     return
ID         x
SEMI       ;
RBRACE     }

=========================================
   PHASE 2: SYNTAX ANALYSIS (PARSING)
=========================================
Grammar validated successfully. No syntax errors found.

=========================================
   PHASE 3: ABSTRACT SYNTAX TREE (AST)
=========================================
Program
└── Block
    └── Function(main)
        └── Block
            ├── Decl(x)
            │   └── Type(int)
            └── Block
                ├── Assign
                │   ├── ID(x)
                │   └── String("hello")
                └── Block
                    └── Return
                        └── ID(x)

=========================================
   PHASE 4: SEMANTIC ANALYSIS (SYMBOL)
=========================================
Semantic Error: Type Mismatch - Cannot assign 'string' to 'int' variable 'x'.
NAME                 KIND            SCOPE      STATUS    
----------------------------------------------------------
main                 Function        0          Active    
x                    int             1          Closed    

Compilation halted: 1 semantic errors.
